
  [32;1mEnvironment[39;22m [90m........................................................................................................[39m  
  Application Name [90m.........................................................................................[39m W-Academy  
  Laravel Version [90m............................................................................................[39m 11.55.0  
  PHP Version [90m.................................................................................................[39m 8.2.12  
  Composer Version [90m............................................................................................[39m 2.10.1  
  Environment [90m..................................................................................................[39m local  
  Debug Mode [90m.................................................................................................[39m [33;1mENABLED[39;22m  
  URL [90m......................................................................................................[39m localhost  
  Maintenance Mode [90m...............................................................................................[39m OFF  
  Timezone [90m...........................................................................................[39m Indian/Maldives  
  Locale [90m..........................................................................................................[39m dv  

  [32;1mCache[39;22m [90m..............................................................................................................[39m  
  Config [90m..................................................................................................[39m [33;1mNOT CACHED[39;22m  
  Events [90m..................................................................................................[39m [33;1mNOT CACHED[39;22m  
  Routes [90m..................................................................................................[39m [33;1mNOT CACHED[39;22m  
  Views [90m.......................................................................................................[39m [32;1mCACHED[39;22m  

  [32;1mDrivers[39;22m [90m............................................................................................................[39m  
  Broadcasting [90m...................................................................................................[39m log  
  Cache [90m.....................................................................................................[39m database  
  Database [90m.....................................................................................................[39m mysql  
  Logs [90m................................................................................................[39m [33;1mstack[39;22m [90;1m/[39;22m single  
  Mail [90m...........................................................................................................[39m log  
  Queue [90m.....................................................................................................[39m database  
  Session [90m...................................................................................................[39m database  

  [32;1mSpatie Permissions[39;22m [90m.................................................................................................[39m  
  Features Enabled [90m...........................................................................................[39m Default  
  Version [90m.....................................................................................................[39m 6.25.0  

EXIT=0
