########## P0-5 RED ##########

  [39;41;1m FAIL [39;49;22m[39m Tests\Feature\AgreementGateTest[39m
  [31;1m⨯[39;22m[90m [39m[90mguardian must change password before signing[39m[90m                                                               [39m [90m16.43s[39m  
  [31m────────────────────────────────────────────────────────────────────────────────────────────────────────────────────[39m  
  [41;1m FAILED [49;22m [1mTests\Feature\AgreementGateTest[22m [90m>[39m guardian must change password before signing                               
[39;1m  Expected response status code [201, 301, 302, 303, 307, 308] but received 200.
Failed asserting that false is true.[39;22m

  at [32mtests\Feature\AgreementGateTest.php[39m:[32m90[39m
     86▕         $guardianUser->update(['must_change_password' => true]);
     87▕ 
     88▕         $this->actingAs($guardianUser)
     89▕             ->get(route('agreement.show', $student))
  ➜  90▕             ->assertRedirect(route('password.change'));
     91▕ 
     92▕         $this->actingAs($guardianUser)
     93▕             ->post(route('agreement.sign', $student), [
     94▕                 'signatory_name' => 'Test Guardian',


  [90mTests:[39m    [31;1m1 failed[39;22m[90m (1 assertions)[39m
  [90mDuration:[39m [39m25.59s[39m


--- systematic route sweep ---

  [39;41;1m FAIL [39;49;22m[39m Tests\Feature\RouteCoverageTest[39m
  [31;1m⨯[39;22m[90m [39m[90mevery authenticated web route forces a pending password change[39m[90m                                            [39m [90m103.83s[39m  
  [31m────────────────────────────────────────────────────────────────────────────────────────────────────────────────────[39m  
  [41;1m FAILED [49;22m [1mTests\Feature\RouteCoverageTest[22m [90m>[39m every authenticated web route forces a pending password change             
[39;1m  Routes reachable while a password change is pending:
dashboard.redirect — expected a redirect to /password/change, got 302 → http://localhost/admin
agreement.show — expected a redirect to /password/change, got 403 → no location
agreement.sign — expected a redirect to /password/change, got 302 → http://localhost/agreement/1
agreement.download — expected a redirect to /password/change, got 500 → no location
students.photo — expected a redirect to /password/change, got 403 → no location
Failed asserting that two arrays are identical.
--- Expected
+++ Actual
@@ @@
-Array &0 []
+Array &0 [
+    0 => 'dashboard.redirect — expected a redirect to /password/change, got 302 → http://localhost/admin',
+    1 => 'agreement.show — expected a redirect to /password/change, got 403 → no location',
+    2 => 'agreement.sign — expected a redirect to /password/change, got 302 → http://localhost/agreement/1',
+    3 => 'agreement.download — expected a redirect to /password/change, got 500 → no location',
+    4 => 'students.photo — expected a redirect to /password/change, got 403 → no location',
+][39;22m

  at [32mtests\Feature\RouteCoverageTest.php[39m:[32m237[39m
    233▕                     .$response->getStatusCode().' → '.($location ?: 'no location');
    234▕             }
    235▕         }
    236▕ 
  ➜ 237▕         $this->assertSame([], $failures, "Routes reachable while a password change is pending:\n".implode("\n", $failures));
    238▕     }
    239▕ 
    240▕     public function test_route_table_contains_no_registration_or_password_reset_route(): void
    241▕     {

  [33m1   [39m[39;1mtests\Feature\RouteCoverageTest.php[39;22m:[39;1m237[39;22m


  [90mTests:[39m    [31;1m1 failed[39;22m[90m (89 assertions)[39m
  [90mDuration:[39m [39m110.29s[39m

